Component: ARM Compiler 5.05 update 1 (build 106) Tool: armlink [4d0efa]

==============================================================================

Section Cross References

    practica4_suma.o(prog) refers to practica4_suma.o(datos) for pila


==============================================================================

Image Symbol Table

    Local Symbols

    Symbol Name                              Value     Ov Type        Size  Object(Section)

    practica4_SUMA.s                         0x00000000   Number         0  practica4_suma.o ABSOLUTE
    prog                                     0x40000000   Section      288  practica4_suma.o(prog)
    datos                                    0x40000120   Section     4140  practica4_suma.o(datos)
    T                                        0x40000120   Data          40  practica4_suma.o(datos)
    pila                                     0x40000148   Data        4096  practica4_suma.o(datos)

    Global Symbols

    Symbol Name                              Value     Ov Type        Size  Object(Section)

    BuildAttributes$$THM_ISAv1$ARM_ISAv4$S$PE$A:L22$X:L11$S22$IEEE1$IW$USESV6$~STKCKD$USESV7$~SHL$OSPACE$EBA8$STANDARDLIB$EABIv2 0x00000000   Number         0  anon$$obj.o ABSOLUTE



==============================================================================

Memory Map of the image

  Image Entry point : 0x40000000

  Load Region LR_IRAM1 (Base: 0x40000000, Size: 0x0000114c, Max: 0x00004000, ABSOLUTE)

    Execution Region ER_IRAM1 (Base: 0x40000000, Size: 0x0000114c, Max: 0xffffffff, ABSOLUTE)

    Base Addr    Size         Type   Attr      Idx    E Section Name        Object

    0x40000000   0x00000120   Code   RO            2  * prog                practica4_suma.o
    0x40000120   0x0000102c   Data   RW            1    datos               practica4_suma.o


==============================================================================

Image component sizes


      Code (inc. data)   RO Data    RW Data    ZI Data      Debug   Object Name

       288          8          0       4140          0        332   practica4_suma.o

    ----------------------------------------------------------------------
       288          8          0       4140          0        332   Object Totals
         0          0          0          0          0          0   (incl. Generated)
         0          0          0          0          0          0   (incl. Padding)

    ----------------------------------------------------------------------
         0          0          0          0          0          0   Library Totals
         0          0          0          0          0          0   (incl. Padding)

    ----------------------------------------------------------------------

==============================================================================


      Code (inc. data)   RO Data    RW Data    ZI Data      Debug   

       288          8          0       4140          0        332   Grand Totals
       288          8          0       4140          0        332   ELF Image Totals
       288          8          0       4140          0          0   ROM Totals

==============================================================================

    Total RO  Size (Code + RO Data)                  288 (   0.28kB)
    Total RW  Size (RW Data + ZI Data)              4140 (   4.04kB)
    Total ROM Size (Code + RO Data + RW Data)       4428 (   4.32kB)

==============================================================================

